[INFO] Scanning for projects...
[INFO] 
[INFO] -------------------< com.eventmgmt:event-management >-------------------
[INFO] Building event-management 0.0.1-SNAPSHOT
[INFO]   from pom.xml
[INFO] --------------------------------[ jar ]---------------------------------
[INFO] 
[INFO] >>> spring-boot:4.1.0:run (default-cli) > test-compile @ event-management >>>
[INFO] 
[INFO] --- resources:3.5.0:resources (default-resources) @ event-management ---
[INFO] Copying 1 resource from src\main\resources to target\classes
[INFO] Copying 2 resources from src\main\resources to target\classes
[INFO] 
[INFO] --- compiler:3.15.0:compile (default-compile) @ event-management ---
[INFO] Nothing to compile - all classes are up to date.
[INFO] 
[INFO] --- resources:3.5.0:testResources (default-testResources) @ event-management ---
[INFO] skip non existing resourceDirectory E:\Event management\src\test\resources
[INFO] 
[INFO] --- compiler:3.15.0:testCompile (default-testCompile) @ event-management ---
[INFO] No sources to compile
[INFO] 
[INFO] <<< spring-boot:4.1.0:run (default-cli) < test-compile @ event-management <<<
[INFO] 
[INFO] 
[INFO] --- spring-boot:4.1.0:run (default-cli) @ event-management ---
[INFO] Attaching agents: []

  .   ____          _            __ _ _
 /\\ / ___'_ __ _ _(_)_ __  __ _ \ \ \ \
( ( )\___ | '_ | '_| | '_ \/ _` | \ \ \ \
 \\/  ___)| |_)| | | | | || (_| |  ) ) ) )
  '  |____| .__|_| |_|_| |_\__, | / / / /
 =========|_|==============|___/=/_/_/_/

 :: Spring Boot ::                (v4.1.0)

2026-07-24T13:37:15.779+05:30  INFO 10396 --- [           main] c.eventmgmt.EventManagementApplication   : Starting EventManagementApplication using Java 17.0.17 with PID 10396 (E:\Event management\target\classes started by Girimurugan in E:\Event management)
2026-07-24T13:37:15.931+05:30  INFO 10396 --- [           main] c.eventmgmt.EventManagementApplication   : No active profile set, falling back to 1 default profile: "default"
2026-07-24T13:37:31.894+05:30  INFO 10396 --- [           main] .s.d.r.c.RepositoryConfigurationDelegate : Multiple Spring Data modules found, entering strict repository configuration mode
2026-07-24T13:37:31.947+05:30  INFO 10396 --- [           main] .s.d.r.c.RepositoryConfigurationDelegate : Bootstrapping Spring Data JPA repositories in DEFAULT mode.
2026-07-24T13:37:34.369+05:30  INFO 10396 --- [           main] .s.d.r.c.RepositoryConfigurationDelegate : Finished Spring Data repository scanning in 2186 ms. Found 4 JPA repository interfaces.
2026-07-24T13:37:35.250+05:30  INFO 10396 --- [           main] .s.d.r.c.RepositoryConfigurationDelegate : Multiple Spring Data modules found, entering strict repository configuration mode
2026-07-24T13:37:35.263+05:30  INFO 10396 --- [           main] .s.d.r.c.RepositoryConfigurationDelegate : Bootstrapping Spring Data Redis repositories in DEFAULT mode.
2026-07-24T13:37:35.504+05:30  INFO 10396 --- [           main] .RepositoryConfigurationExtensionSupport : Spring Data Redis - Could not safely identify store assignment for repository candidate interface com.eventmgmt.repository.BookingRepository; If you want this repository to be a Redis repository, consider annotating your entities with one of these annotations: org.springframework.data.redis.core.RedisHash (preferred), or consider extending one of the following types with your repository: org.springframework.data.keyvalue.repository.KeyValueRepository
2026-07-24T13:37:35.508+05:30  INFO 10396 --- [           main] .RepositoryConfigurationExtensionSupport : Spring Data Redis - Could not safely identify store assignment for repository candidate interface com.eventmgmt.repository.EventRepository; If you want this repository to be a Redis repository, consider annotating your entities with one of these annotations: org.springframework.data.redis.core.RedisHash (preferred), or consider extending one of the following types with your repository: org.springframework.data.keyvalue.repository.KeyValueRepository
2026-07-24T13:37:35.511+05:30  INFO 10396 --- [           main] .RepositoryConfigurationExtensionSupport : Spring Data Redis - Could not safely identify store assignment for repository candidate interface com.eventmgmt.repository.PaymentTransactionRepository; If you want this repository to be a Redis repository, consider annotating your entities with one of these annotations: org.springframework.data.redis.core.RedisHash (preferred), or consider extending one of the following types with your repository: org.springframework.data.keyvalue.repository.KeyValueRepository
2026-07-24T13:37:35.613+05:30  INFO 10396 --- [           main] .RepositoryConfigurationExtensionSupport : Spring Data Redis - Could not safely identify store assignment for repository candidate interface com.eventmgmt.repository.UserRepository; If you want this repository to be a Redis repository, consider annotating your entities with one of these annotations: org.springframework.data.redis.core.RedisHash (preferred), or consider extending one of the following types with your repository: org.springframework.data.keyvalue.repository.KeyValueRepository
2026-07-24T13:37:35.616+05:30  INFO 10396 --- [           main] .s.d.r.c.RepositoryConfigurationDelegate : Finished Spring Data repository scanning in 210 ms. Found 0 Redis repository interfaces.
2026-07-24T13:37:50.441+05:30  INFO 10396 --- [           main] o.s.boot.tomcat.TomcatWebServer          : Tomcat initialized with port 8080 (http)
2026-07-24T13:37:50.540+05:30  INFO 10396 --- [           main] o.apache.catalina.core.StandardService   : Starting service [Tomcat]
2026-07-24T13:37:50.543+05:30  INFO 10396 --- [           main] o.apache.catalina.core.StandardEngine    : Starting Servlet engine: [Apache Tomcat/11.0.22]
2026-07-24T13:37:51.686+05:30  INFO 10396 --- [           main] b.w.c.s.WebApplicationContextInitializer : Root WebApplicationContext: initialization completed in 33493 ms
2026-07-24T13:37:53.627+05:30  INFO 10396 --- [           main] org.hibernate.orm.jpa                    : HHH008540: Processing PersistenceUnitInfo [name: default]
2026-07-24T13:37:53.903+05:30  INFO 10396 --- [           main] org.hibernate.orm.core                   : HHH000001: Hibernate ORM core version 7.4.1.Final
2026-07-24T13:37:56.705+05:30  INFO 10396 --- [           main] o.s.o.j.p.SpringPersistenceUnitInfo      : No LoadTimeWeaver setup: ignoring JPA class transformer
2026-07-24T13:37:56.940+05:30  INFO 10396 --- [           main] com.zaxxer.hikari.HikariDataSource       : HikariPool-1 - Starting...
2026-07-24T13:37:58.329+05:30  INFO 10396 --- [           main] com.zaxxer.hikari.pool.HikariPool        : HikariPool-1 - Added connection conn0: url=jdbc:h2:mem:eventdb user=SA
2026-07-24T13:37:58.341+05:30  INFO 10396 --- [           main] com.zaxxer.hikari.HikariDataSource       : HikariPool-1 - Start completed.
2026-07-24T13:37:58.563+05:30  WARN 10396 --- [           main] org.hibernate.orm.deprecation            : HHH90000025: H2Dialect does not need to be specified explicitly using 'hibernate.dialect' (remove the property setting and it will be selected by default)
2026-07-24T13:37:58.703+05:30  INFO 10396 --- [           main] org.hibernate.orm.connections.pooling    : HHH10001005: Database info:
	Database JDBC URL [jdbc:h2:mem:eventdb]
	Database driver: H2 JDBC Driver
	Database dialect: H2Dialect
	Database version: 2.4.240
	Default catalog/schema: EVENTDB/PUBLIC
	Autocommit mode: undefined/unknown
	Isolation level: READ_COMMITTED [default READ_COMMITTED]
	JDBC fetch size: 100
	Pool: DataSourceConnectionProvider
	Minimum pool size: undefined/unknown
	Maximum pool size: undefined/unknown
2026-07-24T13:38:05.769+05:30  INFO 10396 --- [           main] org.hibernate.orm.core                   : HHH000489: No JTA platform available (set 'hibernate.transaction.jta.platform' to enable JTA platform integration)
2026-07-24T13:38:06.090+05:30  INFO 10396 --- [           main] j.LocalContainerEntityManagerFactoryBean : Initialized JPA EntityManagerFactory for persistence unit 'default'
2026-07-24T13:38:06.660+05:30  INFO 10396 --- [           main] o.s.d.j.r.query.QueryEnhancerFactories   : Hibernate is in classpath; If applicable, HQL parser will be used.
2026-07-24T13:38:08.170+05:30  INFO 10396 --- [           main] r$InitializeUserDetailsManagerConfigurer : Global AuthenticationManager configured with UserDetailsService bean with name customUserDetailsService
2026-07-24T13:38:08.615+05:30  WARN 10396 --- [           main] JpaBaseConfiguration$JpaWebConfiguration : spring.jpa.open-in-view is enabled by default. Therefore, database queries may be performed during view rendering. Explicitly configure spring.jpa.open-in-view to disable this warning
2026-07-24T13:38:15.458+05:30  INFO 10396 --- [           main] o.s.boot.tomcat.TomcatWebServer          : Tomcat started on port 8080 (http) with context path '/'
2026-07-24T13:38:15.498+05:30  INFO 10396 --- [           main] c.eventmgmt.EventManagementApplication   : Started EventManagementApplication in 85.271 seconds (process running for 87.228)
2026-07-24T13:50:23.716+05:30  INFO 10396 --- [nio-8080-exec-1] o.a.c.c.C.[Tomcat].[localhost].[/]       : Initializing Spring DispatcherServlet 'dispatcherServlet'
2026-07-24T13:50:23.836+05:30  INFO 10396 --- [nio-8080-exec-1] o.s.web.servlet.DispatcherServlet        : Initializing Servlet 'dispatcherServlet'
2026-07-24T13:50:23.976+05:30  INFO 10396 --- [nio-8080-exec-1] o.s.web.servlet.DispatcherServlet        : Completed initialization in 138 ms
2026-07-24T13:50:24.436+05:30  WARN 10396 --- [nio-8080-exec-1] o.a.c.util.SessionIdGeneratorBase        : Creation of SecureRandom instance for session ID generation using [SHA1PRNG] took [203] milliseconds.
2026-07-24T14:18:36.201+05:30  WARN 10396 --- [l-1:housekeeper] com.zaxxer.hikari.pool.HikariPool        : HikariPool-1 - Thread starvation or clock leap detected (housekeeper delta=15m2s283ms821탎).
2026-07-24T14:54:55.585+05:30  WARN 10396 --- [l-1:housekeeper] com.zaxxer.hikari.pool.HikariPool        : HikariPool-1 - Thread starvation or clock leap detected (housekeeper delta=36m22s850ms11탎700ns).
2026-07-24T15:49:05.338+05:30  WARN 10396 --- [l-1:housekeeper] com.zaxxer.hikari.pool.HikariPool        : HikariPool-1 - Thread starvation or clock leap detected (housekeeper delta=1m6s131ms36탎500ns).
2026-07-24T17:58:27.580+05:30  WARN 10396 --- [l-1:housekeeper] com.zaxxer.hikari.pool.HikariPool        : HikariPool-1 - Thread starvation or clock leap detected (housekeeper delta=2h9m22s299ms236탎800ns).
2026-07-24T20:34:18.409+05:30  WARN 10396 --- [l-1:housekeeper] com.zaxxer.hikari.pool.HikariPool        : HikariPool-1 - Thread starvation or clock leap detected (housekeeper delta=2h35m55s246ms272탎100ns).
